// Jest Snapshot v1, https://goo.gl/fbAQLP

exports[`Highscore formats 1`] = `"60 minutes"`;

exports[`Highscore formats 2`] = `"60 seconds"`;

exports[`Highscore formats 3`] = `"1 second"`;

exports[`Highscore formats 4`] = `"24 hours"`;

exports[`Highscore formats 5`] = `"1 day"`;

exports[`Highscore formats 6`] = `"12 months"`;

exports[`Highscore formats 7`] = `"1 year"`;

exports[`Highscore renders table 1`] = `"<h2 class=\\"py-2 block text-l text-gray-700 font-bold\\">Highscore (<a class=\\"highscore__switch\\" href=\\"/api/highscore/\\">last 30 days</a> | <a href=\\"/api/highscore/alltime\\" class=\\"highscore__switch\\">alltime</a>)</h2><table class=\\"text-xs table-fixed mb-4 mt-4 lg:text-md\\"><thead><tr class=\\"bg-white\\"><th class=\\"border px-1 py-2 text-right lg:px-4 lg:w-14\\">#</th><th class=\\"border px-1 py-2 lg:px-4\\">👤</th><th class=\\"border px-1 py-2 text-right lg:px-4\\">🚩</th><th class=\\"border px-1 py-2 text-right lg:px-4\\">🏙️</th><th class=\\"border px-1 py-2 lg:px-4\\">Date</th></tr></thead><tbody class=\\"hidden\\"></tbody></table>"`;
