// Jest Snapshot v1, https://goo.gl/fbAQLP

exports[`Highscore formats 1`] = `"60 minutes"`;

exports[`Highscore formats 2`] = `"60 seconds"`;

exports[`Highscore formats 3`] = `"1 second"`;

exports[`Highscore formats 4`] = `"24 hours"`;

exports[`Highscore formats 5`] = `"1 day"`;

exports[`Highscore formats 6`] = `"12 months"`;

exports[`Highscore formats 7`] = `"1 year"`;

exports[`Highscore renders table 1`] = `"<div><div class="highscore hidden"><h2 class="block font-bold py-2 text-gray-700 text-l">Highscore (<a class="highscore__switch" href="/api/highscore/">last 30 days</a> | <a href="/api/highscore/alltime" class="highscore__switch">alltime</a>)</h2><table><tbody class="hidden"></tbody></table></div></div>"`;
