// Jest Snapshot v1, https://goo.gl/fbAQLP

exports[`kml 1`] = `"<?xml version="1.0" encoding="UTF-8"?><kml xmlns="http://www.opengis.net/kml/2.2"><Document><name>christianhaller's travelmap</name><description>I have been to 2 places</description><Placemark><name>Ukraine, Kyiv(Kiev)</name><ExtendedData><Data name="name"><value>Ukraine, Kyiv(Kiev)</value></Data><Data name="flags"><value>been</value></Data></ExtendedData><Point><coordinates>30.536667,50.444885</coordinates></Point></Placemark><Placemark><name>Uruguay, Colonia del Sacramento</name><ExtendedData><Data name="name"><value>Uruguay, Colonia del Sacramento</value></Data><Data name="flags"><value>been</value></Data></ExtendedData><Point><coordinates>-57.83755,-34.45451</coordinates></Point></Placemark></Document></kml>"`;
