// Jest Snapshot v1, https://goo.gl/fbAQLP

exports[`Table init 1`] = `"<tbody><tr class="bg-gray-100"><td class="lg:px-4 border px-1 py-2">🇺🇦 Ukraine</td><td class="lg:px-4 border px-1 py-2">Kyiv(Kiev)</td><td class="lg:px-4 border px-1 py-2">✅ 💡 ❤️</td></tr><tr class="bg-white"><td class="lg:px-4 border px-1 py-2">🇺🇾 Uruguay</td><td class="lg:px-4 border px-1 py-2">Colonia del Sacramento</td><td class="lg:px-4 border px-1 py-2">✅</td></tr></tbody>"`;
